test_distribution_contract_validator (tests.package_layout.test_distribution_contracts.DistributionContractTests.test_distribution_contract_validator) ... ok
test_first_release_profiles_exist (tests.package_layout.test_distribution_contracts.DistributionContractTests.test_first_release_profiles_exist) ... ok
test_absolute_destination_fails (tests.package_layout.test_package_skeletons.PackageSkeletonTests.test_absolute_destination_fails) ... ok
test_build_and_validate_all_skeletons (tests.package_layout.test_package_skeletons.PackageSkeletonTests.test_build_and_validate_all_skeletons) ... ok
test_builder_refuses_unowned_output_root (tests.package_layout.test_package_skeletons.PackageSkeletonTests.test_builder_refuses_unowned_output_root) ... ok
test_duplicate_destination_fails (tests.package_layout.test_package_skeletons.PackageSkeletonTests.test_duplicate_destination_fails) ... ok
test_forbidden_factorio_payload_fails (tests.package_layout.test_package_skeletons.PackageSkeletonTests.test_forbidden_factorio_payload_fails) ... ok
test_forbidden_secret_marker_fails (tests.package_layout.test_package_skeletons.PackageSkeletonTests.test_forbidden_secret_marker_fails) ... ok
test_incorrect_linux_entrypoint_path_fails (tests.package_layout.test_package_skeletons.PackageSkeletonTests.test_incorrect_linux_entrypoint_path_fails) ... ok
test_macos_executable_under_resources_fails (tests.package_layout.test_package_skeletons.PackageSkeletonTests.test_macos_executable_under_resources_fails) ... ok
test_missing_content_fails (tests.package_layout.test_package_skeletons.PackageSkeletonTests.test_missing_content_fails) ... ok
test_missing_contracts_fails (tests.package_layout.test_package_skeletons.PackageSkeletonTests.test_missing_contracts_fails) ... ok
test_missing_entrypoint_fails (tests.package_layout.test_package_skeletons.PackageSkeletonTests.test_missing_entrypoint_fails) ... ok
test_windows_gui_package_missing_cli_fails (tests.package_layout.test_package_skeletons.PackageSkeletonTests.test_windows_gui_package_missing_cli_fails) ... ok
test_component_manifest_records_profile_components (tests.package_runtime.test_built_package_artifacts.BuiltPackageArtifactTests.test_component_manifest_records_profile_components) ... ok
test_hash_manifest_covers_all_package_files_except_itself (tests.package_runtime.test_built_package_artifacts.BuiltPackageArtifactTests.test_hash_manifest_covers_all_package_files_except_itself) ... ok
test_package_excludes_forbidden_factorio_payloads_and_secret_markers (tests.package_runtime.test_built_package_artifacts.BuiltPackageArtifactTests.test_package_excludes_forbidden_factorio_payloads_and_secret_markers) ... ok
test_package_excludes_python_runtime_files (tests.package_runtime.test_built_package_artifacts.BuiltPackageArtifactTests.test_package_excludes_python_runtime_files) ... ok
test_portable_cli_contains_required_package_layout (tests.package_runtime.test_built_package_artifacts.BuiltPackageArtifactTests.test_portable_cli_contains_required_package_layout) ... ok
test_portable_cli_runtime_smoke_runs_from_package_root (tests.package_runtime.test_built_package_artifacts.BuiltPackageArtifactTests.test_portable_cli_runtime_smoke_runs_from_package_root) ... ok
test_portable_tui_is_not_a_default_built_artifact (tests.package_runtime.test_built_package_artifacts.BuiltPackageArtifactTests.test_portable_tui_is_not_a_default_built_artifact) ... ok
test_text_manifests_do_not_leak_source_tree_absolute_paths (tests.package_runtime.test_built_package_artifacts.BuiltPackageArtifactTests.test_text_manifests_do_not_leak_source_tree_absolute_paths) ... ok
test_builder_refuses_unowned_output_root_before_build (tests.package_runtime.test_built_package_artifacts.BuiltPackageOutputOwnershipTests.test_builder_refuses_unowned_output_root_before_build) ... ok
setUpClass (tests.package_runtime.test_built_package_artifacts.BuiltWindowsPackageArtifactTests) ... skipped 'optional: WinForms shell has not been built'
test_archive_name_uses_version_once_and_extracted_archive_smokes (tests.package_runtime.test_built_package_artifacts.WindowsPortableCliPackageProofTests.test_archive_name_uses_version_once_and_extracted_archive_smokes) ... ok
test_component_roles_are_explicit_and_runtime_enforced (tests.package_runtime.test_built_package_artifacts.WindowsPortableCliPackageProofTests.test_component_roles_are_explicit_and_runtime_enforced) ... ok
test_external_workspace_is_not_created_by_read_only_smoke (tests.package_runtime.test_built_package_artifacts.WindowsPortableCliPackageProofTests.test_external_workspace_is_not_created_by_read_only_smoke) ... ok
test_hash_verifiers_detect_payload_drift_and_unhashed_files (tests.package_runtime.test_built_package_artifacts.WindowsPortableCliPackageProofTests.test_hash_verifiers_detect_payload_drift_and_unhashed_files) ... ok
test_manifest_records_target_linkage_and_all_source_revisions (tests.package_runtime.test_built_package_artifacts.WindowsPortableCliPackageProofTests.test_manifest_records_target_linkage_and_all_source_revisions) ... ok
test_missing_contracts_and_content_are_refused (tests.package_runtime.test_built_package_artifacts.WindowsPortableCliPackageProofTests.test_missing_contracts_and_content_are_refused) ... ok
test_read_only_package_files_smoke (tests.package_runtime.test_built_package_artifacts.WindowsPortableCliPackageProofTests.test_read_only_package_files_smoke) ... ok
test_renamed_extracted_directory_smokes (tests.package_runtime.test_built_package_artifacts.WindowsPortableCliPackageProofTests.test_renamed_extracted_directory_smokes) ... ok
test_runtime_smoke_is_relocated_unicode_pathless_and_arbitrary_cwd (tests.package_runtime.test_built_package_artifacts.WindowsPortableCliPackageProofTests.test_runtime_smoke_is_relocated_unicode_pathless_and_arbitrary_cwd) ... ok
test_spdx_and_external_provenance_bind_artifact_and_manifests (tests.package_runtime.test_built_package_artifacts.WindowsPortableCliPackageProofTests.test_spdx_and_external_provenance_bind_artifact_and_manifests) ... ok
test_static_first_layout_contains_only_the_functional_cli (tests.package_runtime.test_built_package_artifacts.WindowsPortableCliPackageProofTests.test_static_first_layout_contains_only_the_functional_cli) ... ok
test_target_identity_is_runtime_enforced_even_after_rehash (tests.package_runtime.test_built_package_artifacts.WindowsPortableCliPackageProofTests.test_target_identity_is_runtime_enforced_even_after_rehash) ... ok
test_unknown_profile_and_manifest_fields_are_refused_after_rehash (tests.package_runtime.test_built_package_artifacts.WindowsPortableCliPackageProofTests.test_unknown_profile_and_manifest_fields_are_refused_after_rehash) ... ok
test_workspace_lock_revision_mismatch_is_refused_after_rehash (tests.package_runtime.test_built_package_artifacts.WindowsPortableCliPackageProofTests.test_workspace_lock_revision_mismatch_is_refused_after_rehash) ... ok
test_target_specific_archive_identity_is_not_portable_os_neutral (tests.package_runtime.test_built_package_artifacts.WindowsPortableTuiPackageProofTests.test_target_specific_archive_identity_is_not_portable_os_neutral) ... ok
test_target_specific_package_contains_and_smokes_both_frontends (tests.package_runtime.test_built_package_artifacts.WindowsPortableTuiPackageProofTests.test_target_specific_package_contains_and_smokes_both_frontends) ... ok
test_frontend_bundle_validator (tests.release.test_package_contains_cli_tui_gui.PackageFrontendContentsTests.test_frontend_bundle_validator) ... ok
test_gui_lane_contains_only_functional_gui_and_cli (tests.release.test_package_contains_cli_tui_gui.PackageFrontendContentsTests.test_gui_lane_contains_only_functional_gui_and_cli) ... ok
test_linux_portable_cli_is_static_first_and_target_specific (tests.release.test_portable_layout.PortableLayoutTests.test_linux_portable_cli_is_static_first_and_target_specific) ... ok
test_portable_cli_is_self_contained (tests.release.test_portable_layout.PortableLayoutTests.test_portable_cli_is_self_contained) ... ok
test_portable_tui_is_explicitly_experimental_and_unpublished (tests.release.test_portable_layout.PortableLayoutTests.test_portable_tui_is_explicitly_experimental_and_unpublished) ... ok
test_windows_portable_cli_is_static_first_and_target_specific (tests.release.test_portable_layout.PortableLayoutTests.test_windows_portable_cli_is_static_first_and_target_specific) ... ok
test_system_install_requires_elevation_and_user_workspaces (tests.release.test_system_install_layout.SystemInstallLayoutTests.test_system_install_requires_elevation_and_user_workspaces) ... ok
test_system_packages_do_not_contain_workspace_roots (tests.release.test_system_install_layout.SystemInstallLayoutTests.test_system_packages_do_not_contain_workspace_roots) ... ok
test_all_install_modes_preserve_workspace (tests.release.test_uninstall_preserves_workspace.UninstallPreservesWorkspaceTests.test_all_install_modes_preserve_workspace) ... ok
test_product_policy_preserves_workspace_by_default (tests.release.test_uninstall_preserves_workspace.UninstallPreservesWorkspaceTests.test_product_policy_preserves_workspace_by_default) ... ok
test_update_check_is_report_only (tests.release.test_update_check_non_mutating.UpdateCheckTests.test_update_check_is_report_only) ... ok
test_user_install_uses_user_state (tests.release.test_user_install_layout.UserInstallLayoutTests.test_user_install_uses_user_state) ... ok
test_archived_powershell_hash_is_line_ending_independent (tests.test_aide_compaction.AideCompactionTests.test_archived_powershell_hash_is_line_ending_independent) ... ok
test_current_build_truth_preserves_historical_proof_and_future_gates (tests.test_aide_compaction.AideCompactionTests.test_current_build_truth_preserves_historical_proof_and_future_gates) ... ok
test_instance_product_model_is_menu_first_and_supersedes_world_aggregate (tests.test_aide_compaction.AideCompactionTests.test_instance_product_model_is_menu_first_and_supersedes_world_aggregate) ... ok
test_lifecycle_transitions_and_hashes_archived_evidence (tests.test_aide_compaction.AideCompactionTests.test_lifecycle_transitions_and_hashes_archived_evidence) ... ok
test_machine_state_has_every_required_truth_family (tests.test_aide_compaction.AideCompactionTests.test_machine_state_has_every_required_truth_family) ... ok
test_platform_evidence_separates_proof_and_publication_status (tests.test_aide_compaction.AideCompactionTests.test_platform_evidence_separates_proof_and_publication_status) ... ok
test_queue_history_and_docs_are_compact_and_consistent (tests.test_aide_compaction.AideCompactionTests.test_queue_history_and_docs_are_compact_and_consistent) ... ok
test_queue_index_rejects_partially_materialized_records (tests.test_aide_compaction.AideCompactionTests.test_queue_index_rejects_partially_materialized_records) ... ok
test_active_and_archived_task_files_resolve_by_identity (tests.test_aide_evidence.AideEvidenceTests.test_active_and_archived_task_files_resolve_by_identity) ... ok
test_task_and_relative_paths_reject_traversal (tests.test_aide_evidence.AideEvidenceTests.test_task_and_relative_paths_reject_traversal) ... ok
test_canonical_status_fields_are_compared_as_data (tests.test_aide_target_truth.AideTargetTruthTests.test_canonical_status_fields_are_compared_as_data) ... ok
test_claim_ledger_rejects_stable_abi_promotion (tests.test_aide_target_truth.AideTargetTruthTests.test_claim_ledger_rejects_stable_abi_promotion) ... ok
test_claim_ledger_requires_structured_current_rows (tests.test_aide_target_truth.AideTargetTruthTests.test_claim_ledger_requires_structured_current_rows) ... ok
test_contributor_summary_names_current_product_sequence (tests.test_aide_target_truth.AideTargetTruthTests.test_contributor_summary_names_current_product_sequence) ... ok
test_discovery_docs_reject_deferred_windows_provider (tests.test_aide_target_truth.AideTargetTruthTests.test_discovery_docs_reject_deferred_windows_provider) ... ok
test_generated_project_state_matches_canonical_inputs (tests.test_aide_target_truth.AideTargetTruthTests.test_generated_project_state_matches_canonical_inputs) ... ok
test_profile_evidence_authorities_exist (tests.test_aide_target_truth.AideTargetTruthTests.test_profile_evidence_authorities_exist) ... ok
test_profile_rejects_stable_abi_and_stale_phase (tests.test_aide_target_truth.AideTargetTruthTests.test_profile_rejects_stable_abi_and_stale_phase) ... ok
test_repository_target_truth_is_current (tests.test_aide_target_truth.AideTargetTruthTests.test_repository_target_truth_is_current) ... ok
test_retired_root_authority_is_rejected (tests.test_aide_target_truth.AideTargetTruthTests.test_retired_root_authority_is_rejected) ... ok
test_alpha_vertical_slice_goldens_are_present (tests.test_alpha_vertical_slice_goldens.AlphaVerticalSliceGoldenTests.test_alpha_vertical_slice_goldens_are_present) ... ok
test_known_architecture_debt_is_exactly_budgeted (tests.test_architecture_fitness.ArchitectureFitnessTests.test_known_architecture_debt_is_exactly_budgeted) ... ok
test_queue_has_no_completed_pass_left_active (tests.test_architecture_fitness.ArchitectureFitnessTests.test_queue_has_no_completed_pass_left_active) ... ok
test_archive_core_structure_and_legacy_boundary (tests.test_archive_core.ArchiveCoreTests.test_archive_core_structure_and_legacy_boundary) ... ok
test_crc_truncation_encryption_multidisk_and_extra_corpus_refuses (tests.test_archive_core.ArchiveCoreTests.test_crc_truncation_encryption_multidisk_and_extra_corpus_refuses) ... ok
test_metadata_mutations_and_fuzz_harnesses_never_crash (tests.test_archive_core.ArchiveCoreTests.test_metadata_mutations_and_fuzz_harnesses_never_crash) ... ok
test_path_collision_and_file_type_corpus_refuses (tests.test_archive_core.ArchiveCoreTests.test_path_collision_and_file_type_corpus_refuses) ... ok
test_property_generated_safe_paths_and_payloads_validate (tests.test_archive_core.ArchiveCoreTests.test_property_generated_safe_paths_and_payloads_validate) ... ok
test_resource_limits_and_compression_ratio_refuse_before_output (tests.test_archive_core.ArchiveCoreTests.test_resource_limits_and_compression_ratio_refuse_before_output) ... ok
test_valid_stored_deflate_descriptor_and_path_forms (tests.test_archive_core.ArchiveCoreTests.test_valid_stored_deflate_descriptor_and_path_forms) ... ok
test_build_graph_uses_source_only_private_static_target (tests.test_archive_dependency_admission.ArchiveDependencyAdmissionTests.test_build_graph_uses_source_only_private_static_target) ... ok
test_dependency_lock_and_sbom_pin_exact_miniz_release (tests.test_archive_dependency_admission.ArchiveDependencyAdmissionTests.test_dependency_lock_and_sbom_pin_exact_miniz_release) ... ok
test_upstream_api_exposes_required_archive_capability_floor (tests.test_archive_dependency_admission.ArchiveDependencyAdmissionTests.test_upstream_api_exposes_required_archive_capability_floor) ... ok
test_vendored_release_files_match_reviewed_hashes (tests.test_archive_dependency_admission.ArchiveDependencyAdmissionTests.test_vendored_release_files_match_reviewed_hashes) ... ok
test_execution_contract_cannot_overclaim_real_play (tests.test_capability_policy.CapabilityPolicyTests.test_execution_contract_cannot_overclaim_real_play) ... ok
test_repository_policy_is_valid (tests.test_capability_policy.CapabilityPolicyTests.test_repository_policy_is_valid) ... ok
test_unknown_effect_and_command_fail_closed (tests.test_capability_policy.CapabilityPolicyTests.test_unknown_effect_and_command_fail_closed) ... ok
test_ci_workflows_reproduce_the_claimed_proof (tests.test_ci_proof.CiProofTests.test_ci_workflows_reproduce_the_claimed_proof) ... ok
test_reproducibility_runner_is_clean_and_authority_bounded (tests.test_ci_proof.CiProofTests.test_reproducibility_runner_is_clean_and_authority_bounded) ... ok
test_required_package_runner_is_fail_closed (tests.test_ci_proof.CiProofTests.test_required_package_runner_is_fail_closed) ... ok
test_compilation_database_resolves_relative_and_absolute_sources (tests.test_clang_tidy_changed.ClangTidyChangedTests.test_compilation_database_resolves_relative_and_absolute_sources) ... ok
test_host_omissions_do_not_hide_missing_native_platform_sources (tests.test_clang_tidy_changed.ClangTidyChangedTests.test_host_omissions_do_not_hide_missing_native_platform_sources) ... ok
test_invalid_compilation_database_shape_fails_closed (tests.test_clang_tidy_changed.ClangTidyChangedTests.test_invalid_compilation_database_shape_fails_closed) ... ok
test_selection_skips_only_known_platform_exclusive_sources (tests.test_clang_tidy_changed.ClangTidyChangedTests.test_selection_skips_only_known_platform_exclusive_sources) ... ok
test_command_graph_and_diagnostics_route_through_flb_ulk (tests.test_cli.CliTests.test_command_graph_and_diagnostics_route_through_flb_ulk) ... ok
test_create_instance_can_preserve_program_local_player_data (tests.test_cli.CliTests.test_create_instance_can_preserve_program_local_player_data) ... ok
test_doctor_warns_without_installs (tests.test_cli.CliTests.test_doctor_warns_without_installs) ... ok
test_generated_setup_workflow_is_policy_neutral_and_human_gated (tests.test_cli.CliTests.test_generated_setup_workflow_is_policy_neutral_and_human_gated) ... ok
test_import_instance_and_launch_plan (tests.test_cli.CliTests.test_import_instance_and_launch_plan) ... ok
test_install_model_and_reconciliation_are_read_only_and_conservative (tests.test_cli.CliTests.test_install_model_and_reconciliation_are_read_only_and_conservative) ... ok
test_instance_projection_is_deterministic_intent_specific_and_read_only (tests.test_cli.CliTests.test_instance_projection_is_deterministic_intent_specific_and_read_only) ... ok
test_local_mod_import_lock_verify_and_export (tests.test_cli.CliTests.test_local_mod_import_lock_verify_and_export) ... ok
test_managed_install_operations_are_setup_gated (tests.test_cli.CliTests.test_managed_install_operations_are_setup_gated) ... ok
test_mod_portal_commands_refuse_without_network_policy (tests.test_cli.CliTests.test_mod_portal_commands_refuse_without_network_policy) ... ok
test_product_inspect_json (tests.test_cli.CliTests.test_product_inspect_json) ... ok
test_run_execute_is_quarantined_until_real_factorio_isolation (tests.test_cli.CliTests.test_run_execute_is_quarantined_until_real_factorio_isolation) ... ok
test_save_roundtrip_refusals_are_structured_and_non_mutating (tests.test_cli.CliTests.test_save_roundtrip_refusals_are_structured_and_non_mutating) ... ok
test_saves_backup_clone_and_instance_export_are_portable (tests.test_cli.CliTests.test_saves_backup_clone_and_instance_export_are_portable) ... ok
test_server_profiles_and_dev_tools_are_explicitly_gated (tests.test_cli.CliTests.test_server_profiles_and_dev_tools_are_explicitly_gated) ... ok
test_steam_integrated_run_is_explicitly_refused_without_starting (tests.test_cli.CliTests.test_steam_integrated_run_is_explicitly_refused_without_starting) ... ok
test_version (tests.test_cli.CliTests.test_version) ... ok
test_source_files_survive_build_named_ancestor (tests.test_cmake_architecture_check.CMakeArchitectureCheckTests.test_source_files_survive_build_named_ancestor) ... ok
test_codeql_is_separate_versioned_code_security_evidence (tests.test_code_security.CodeSecurityTests.test_codeql_is_separate_versioned_code_security_evidence) ... ok
test_command_contract_check (tests.test_command_contracts.CommandContractTests.test_command_contract_check) ... ok
test_repository_compliance_policy_is_machine_verifiable (tests.test_compliance.ComplianceTests.test_repository_compliance_policy_is_machine_verifiable) ... ok
test_sbom_component_coverage_rejects_missing_component (tests.test_compliance.ComplianceTests.test_sbom_component_coverage_rejects_missing_component) ... ok
test_sbom_covers_every_installed_bundle_component (tests.test_compliance.ComplianceTests.test_sbom_covers_every_installed_bundle_component) ... ok
test_application_modules_are_factorio_owned_after_decomposition (tests.test_component_ownership.ComponentOwnershipTests.test_application_modules_are_factorio_owned_after_decomposition) ... ok
test_coverage_rejects_an_unclassified_component (tests.test_component_ownership.ComponentOwnershipTests.test_coverage_rejects_an_unclassified_component) ... ok
test_manifest_classifies_all_current_components (tests.test_component_ownership.ComponentOwnershipTests.test_manifest_classifies_all_current_components) ... ok
test_only_setup_has_install_mutation_authority (tests.test_component_ownership.ComponentOwnershipTests.test_only_setup_has_install_mutation_authority) ... ok
test_temporary_incubators_have_extraction_obligations (tests.test_component_ownership.ComponentOwnershipTests.test_temporary_incubators_have_extraction_obligations) ... ok
test_declared_read_only_commands_create_no_workspace_state (tests.test_contract_truth.RuntimeContractTruthTests.test_declared_read_only_commands_create_no_workspace_state) ... ok
test_discovery_and_doctor_live_outputs_match_schemas (tests.test_contract_truth.RuntimeContractTruthTests.test_discovery_and_doctor_live_outputs_match_schemas) ... ok
test_instance_output_matches_persisted_schema (tests.test_contract_truth.RuntimeContractTruthTests.test_instance_output_matches_persisted_schema) ... ok
test_quarantined_refusals_match_common_refusal_schema (tests.test_contract_truth.RuntimeContractTruthTests.test_quarantined_refusals_match_common_refusal_schema) ... ok
test_operation_outcome_projection_matches_pinned_launcher_contract (tests.test_cross_repo.CrossRepoTests.test_operation_outcome_projection_matches_pinned_launcher_contract) ... ok
test_product_only_boundaries (tests.test_cross_repo.CrossRepoTests.test_product_only_boundaries) ... ok
test_repo_locator_prefers_portable_overrides (tests.test_cross_repo.CrossRepoTests.test_repo_locator_prefers_portable_overrides) ... ok
test_sibling_boundaries (tests.test_cross_repo.CrossRepoTests.test_sibling_boundaries) ... ok
test_current_sibling_revisions_match_the_workspace_lock (tests.test_dependency_revision_enforcement.DependencyRevisionEnforcementTests.test_current_sibling_revisions_match_the_workspace_lock) ... ok
test_default_verification_does_not_contact_remotes (tests.test_dependency_revision_enforcement.DependencyRevisionEnforcementTests.test_default_verification_does_not_contact_remotes) ... ok
test_default_verification_reports_drift_without_checkout (tests.test_dependency_revision_enforcement.DependencyRevisionEnforcementTests.test_default_verification_reports_drift_without_checkout) ... ok
test_detached_worktree_git_file_is_a_repository_candidate (tests.test_dependency_revision_enforcement.DependencyRevisionEnforcementTests.test_detached_worktree_git_file_is_a_repository_candidate) ... ok
test_explicit_repository_paths_take_precedence (tests.test_dependency_revision_enforcement.DependencyRevisionEnforcementTests.test_explicit_repository_paths_take_precedence) ... ok
test_package_preflight_refuses_before_output_mutation (tests.test_dependency_revision_enforcement.DependencyRevisionEnforcementTests.test_package_preflight_refuses_before_output_mutation) ... ok
test_release_lock_validator_uses_configured_worktree (tests.test_dependency_revision_enforcement.DependencyRevisionEnforcementTests.test_release_lock_validator_uses_configured_worktree) ... ok
test_remote_verification_is_explicit (tests.test_dependency_revision_enforcement.DependencyRevisionEnforcementTests.test_remote_verification_is_explicit) ... ok
test_remote_verification_rejects_missing_policy (tests.test_dependency_revision_enforcement.DependencyRevisionEnforcementTests.test_remote_verification_rejects_missing_policy) ... ok
test_verify_all_checks_pins_before_running_tests (tests.test_dependency_revision_enforcement.DependencyRevisionEnforcementTests.test_verify_all_checks_pins_before_running_tests) ... ok
test_workspace_doctor_refuses_a_pin_mismatch (tests.test_dependency_revision_enforcement.DependencyRevisionEnforcementTests.test_workspace_doctor_refuses_a_pin_mismatch) ... workspace-config: universal_launcher mismatch
ok
test_bundle_hash_closure_and_no_clobber (tests.test_diagnostic_export.DiagnosticExportSafetyTests.test_bundle_hash_closure_and_no_clobber) ... ok
test_committed_fault_recovery_preserves_zip_and_removes_owned_staging (tests.test_diagnostic_export.DiagnosticExportSafetyTests.test_committed_fault_recovery_preserves_zip_and_removes_owned_staging) ... ok
test_fault_matrix_never_leaves_partial_target (tests.test_diagnostic_export.DiagnosticExportSafetyTests.test_fault_matrix_never_leaves_partial_target) ... ok
test_hardlinked_selected_file_is_refused (tests.test_diagnostic_export.DiagnosticExportSafetyTests.test_hardlinked_selected_file_is_refused) ... ok
test_linked_external_tree_is_omitted_without_reading (tests.test_diagnostic_export.DiagnosticExportSafetyTests.test_linked_external_tree_is_omitted_without_reading) ... ok
test_malformed_reviewed_json_fails_closed (tests.test_diagnostic_export.DiagnosticExportSafetyTests.test_malformed_reviewed_json_fails_closed) ... ok
test_sources_and_fixtures_are_immutable (tests.test_diagnostic_export.DiagnosticExportSafetyTests.test_sources_and_fixtures_are_immutable) ... ok
test_bounded_collector_refuses_a_real_windows_junction (tests.test_diagnostic_redaction.DiagnosticRedactionTests.test_bounded_collector_refuses_a_real_windows_junction) ... ok
test_diagnostic_bundle_and_doctor_alias_are_safe_and_self_verified (tests.test_diagnostic_redaction.DiagnosticRedactionTests.test_diagnostic_bundle_and_doctor_alias_are_safe_and_self_verified) ... ok
test_export_route_has_no_cli_backend_or_legacy_zip_writer (tests.test_diagnostic_redaction.DiagnosticRedactionTests.test_export_route_has_no_cli_backend_or_legacy_zip_writer) ... ok
test_instance_export_uses_shared_redaction_marker_and_no_raw_secret_values (tests.test_diagnostic_redaction.DiagnosticRedactionTests.test_instance_export_uses_shared_redaction_marker_and_no_raw_secret_values) ... ok
test_malformed_sensitive_ini_fails_closed (tests.test_diagnostic_redaction.DiagnosticRedactionTests.test_malformed_sensitive_ini_fails_closed) ... ok
test_multiline_json_values_are_redacted_and_malformed_json_fails_closed (tests.test_diagnostic_redaction.DiagnosticRedactionTests.test_multiline_json_values_are_redacted_and_malformed_json_fails_closed) ... ok
test_redact_command_matches_goldens_and_is_deterministic (tests.test_diagnostic_redaction.DiagnosticRedactionTests.test_redact_command_matches_goldens_and_is_deterministic) ... ok
test_fake_install_is_structural (tests.test_discovery.DiscoveryTests.test_fake_install_is_structural) ... ok
test_imported_install_can_be_inspected_by_id (tests.test_discovery.DiscoveryTests.test_imported_install_can_be_inspected_by_id) ... ok
test_legacy_install_refs_remain_readable (tests.test_discovery.DiscoveryTests.test_legacy_install_refs_remain_readable) ... ok
test_scan_classifies_fixture_install_families_without_registering (tests.test_discovery.DiscoveryTests.test_scan_classifies_fixture_install_families_without_registering) ... ok
test_doctor_reports_invalid_explicit_candidates_without_mutation (tests.test_discovery_fixtures.DiscoveryFixtureTests.test_doctor_reports_invalid_explicit_candidates_without_mutation) ... ok
test_fixture_goldens_match_cli_scan_reports (tests.test_discovery_fixtures.DiscoveryFixtureTests.test_fixture_goldens_match_cli_scan_reports) ... ok
test_fixture_root_scan_is_read_only_and_classifies_all_candidates (tests.test_discovery_fixtures.DiscoveryFixtureTests.test_fixture_root_scan_is_read_only_and_classifies_all_candidates) ... ok
test_foreign_owned_fixtures_refuse_repair_and_uninstall (tests.test_discovery_fixtures.DiscoveryFixtureTests.test_foreign_owned_fixtures_refuse_repair_and_uninstall) ... ok
test_import_preserves_source_tree_and_operator_install_id (tests.test_discovery_fixtures.DiscoveryFixtureTests.test_import_preserves_source_tree_and_operator_install_id) ... ok
test_invalid_fixture_import_does_not_create_install_ref (tests.test_discovery_fixtures.DiscoveryFixtureTests.test_invalid_fixture_import_does_not_create_install_ref) ... ok
test_discovery_report_goldens_are_contract_shaped (tests.test_discovery_goldens.DiscoveryGoldenTests.test_discovery_report_goldens_are_contract_shaped) ... ok
test_candidate_contract_exposes_provenance_and_evidence (tests.test_discovery_providers.DiscoveryProviderContractTests.test_candidate_contract_exposes_provenance_and_evidence) ... ok
test_linux_provider_covers_bounded_native_layouts (tests.test_discovery_providers.DiscoveryProviderContractTests.test_linux_provider_covers_bounded_native_layouts) ... ok
test_macos_provider_covers_app_and_steam_layouts (tests.test_discovery_providers.DiscoveryProviderContractTests.test_macos_provider_covers_app_and_steam_layouts) ... ok
test_provider_modules_are_bounded_and_read_only (tests.test_discovery_providers.DiscoveryProviderContractTests.test_provider_modules_are_bounded_and_read_only) ... ok
test_complete_non_execution_journey_across_live_transports (tests.test_end_to_end_user_journey.EndToEndUserJourneyTests.test_complete_non_execution_journey_across_live_transports) ... ok
test_recipe_is_data_only_and_execution_neutral (tests.test_factorio_setup_recipe.FactorioSetupRecipeTests.test_recipe_is_data_only_and_execution_neutral) ... ok
test_recipe_policy_and_generated_projection (tests.test_factorio_setup_recipe.FactorioSetupRecipeTests.test_recipe_policy_and_generated_projection) ... ok
test_discover_executable_prefers_bounded_known_layout (tests.test_factorio_version_capability_corpus.FactorioVersionCapabilityCorpusTests.test_discover_executable_prefers_bounded_known_layout) ... ok
test_help_capabilities_are_explicit_booleans (tests.test_factorio_version_capability_corpus.FactorioVersionCapabilityCorpusTests.test_help_capabilities_are_explicit_booleans) ... ok
test_metadata_version_is_a_bounded_fallback (tests.test_factorio_version_capability_corpus.FactorioVersionCapabilityCorpusTests.test_metadata_version_is_a_bounded_fallback) ... ok
test_reported_version_accepts_old_and_new_banner_shapes (tests.test_factorio_version_capability_corpus.FactorioVersionCapabilityCorpusTests.test_reported_version_accepts_old_and_new_banner_shapes) ... ok
test_tree_fingerprint_detects_metadata_changes_without_content_capture (tests.test_factorio_version_capability_corpus.FactorioVersionCapabilityCorpusTests.test_tree_fingerprint_detects_metadata_changes_without_content_capture) ... ok
test_frontend_contract_check (tests.test_frontend_contract.FrontendContractTests.test_frontend_contract_check) ... ok
test_frontend_parity_check (tests.test_frontend_parity.FrontendParityTests.test_frontend_parity_check) ... ok
test_each_domain_refuses_wrong_pid (tests.test_gate4c_observer_self_test.Gate4CObserverSelfTestTests.test_each_domain_refuses_wrong_pid) ... ok
test_each_domain_requires_the_expected_event_class (tests.test_gate4c_observer_self_test.Gate4CObserverSelfTestTests.test_each_domain_requires_the_expected_event_class) ... ok
test_loss_resolution_requires_live_count_and_honors_stop_warning (tests.test_gate4c_observer_self_test.Gate4CObserverSelfTestTests.test_loss_resolution_requires_live_count_and_honors_stop_warning) ... ok
test_lost_event_parser_is_closed_on_unknown_format (tests.test_gate4c_observer_self_test.Gate4CObserverSelfTestTests.test_lost_event_parser_is_closed_on_unknown_format) ... ok
test_observer_profile_is_narrow_closed_and_capacity_bound (tests.test_gate4c_observer_self_test.Gate4CObserverSelfTestTests.test_observer_profile_is_narrow_closed_and_capacity_bound) ... ok
test_observer_tool_selection_prefers_one_complete_toolkit_root (tests.test_gate4c_observer_self_test.Gate4CObserverSelfTestTests.test_observer_tool_selection_prefers_one_complete_toolkit_root) ... ok
test_observer_tool_selection_refuses_incomplete_toolkit (tests.test_gate4c_observer_self_test.Gate4CObserverSelfTestTests.test_observer_tool_selection_refuses_incomplete_toolkit) ... ok
test_observer_tool_selection_refuses_mixed_roots (tests.test_gate4c_observer_self_test.Gate4CObserverSelfTestTests.test_observer_tool_selection_refuses_mixed_roots) ... ok
test_probe_attribution_requires_all_domains_and_pid (tests.test_gate4c_observer_self_test.Gate4CObserverSelfTestTests.test_probe_attribution_requires_all_domains_and_pid) ... ok
test_self_test_is_bound_to_current_tools_machine_boot_and_time (tests.test_gate4c_observer_self_test.Gate4CObserverSelfTestTests.test_self_test_is_bound_to_current_tools_machine_boot_and_time) ... ok
test_self_test_refuses_changed_trace_hash_and_digest (tests.test_gate4c_observer_self_test.Gate4CObserverSelfTestTests.test_self_test_refuses_changed_trace_hash_and_digest) ... ok
test_self_test_refuses_each_bound_context_mutation (tests.test_gate4c_observer_self_test.Gate4CObserverSelfTestTests.test_self_test_refuses_each_bound_context_mutation) ... ok
test_wpr_live_loss_query_requests_collector_details (tests.test_gate4c_observer_self_test.Gate4CObserverSelfTestTests.test_wpr_live_loss_query_requests_collector_details) ... ok
test_wpr_start_uses_only_the_bound_custom_profile (tests.test_gate4c_observer_self_test.Gate4CObserverSelfTestTests.test_wpr_start_uses_only_the_bound_custom_profile) ... ok
test_wpr_status_requires_successful_not_recording_result (tests.test_gate4c_observer_self_test.Gate4CObserverSelfTestTests.test_wpr_status_requires_successful_not_recording_result) ... ok
test_exact_config_is_accepted (tests.test_gate4c_verdict03_coordinator.Gate4CVerdict03CoordinatorTests.test_exact_config_is_accepted) ... ok
test_human_pass_sets_every_frozen_check (tests.test_gate4c_verdict03_coordinator.Gate4CVerdict03CoordinatorTests.test_human_pass_sets_every_frozen_check) ... ok
test_plan_approval_is_exact_and_digest_bound (tests.test_gate4c_verdict03_coordinator.Gate4CVerdict03CoordinatorTests.test_plan_approval_is_exact_and_digest_bound) ... ok
test_plan_approval_refuses_alternate_intent (tests.test_gate4c_verdict03_coordinator.Gate4CVerdict03CoordinatorTests.test_plan_approval_refuses_alternate_intent) ... ok
test_prepare_does_not_require_an_elevated_coordinator (tests.test_gate4c_verdict03_coordinator.Gate4CVerdict03CoordinatorTests.test_prepare_does_not_require_an_elevated_coordinator) ... ok
test_prior_verdict_root_is_refused (tests.test_gate4c_verdict03_coordinator.Gate4CVerdict03CoordinatorTests.test_prior_verdict_root_is_refused) ... ok
test_absent_member_is_complete_and_deterministic (tests.test_gate4c_verdict_evidence.Gate4CVerdictEvidenceTests.test_absent_member_is_complete_and_deterministic) ... ok
test_conceptual_resources_complete_exact_protected_scope (tests.test_gate4c_verdict_evidence.Gate4CVerdictEvidenceTests.test_conceptual_resources_complete_exact_protected_scope) ... ok
test_human_pass_requires_every_exact_first_launch_invariant (tests.test_gate4c_verdict_evidence.Gate4CVerdictEvidenceTests.test_human_pass_requires_every_exact_first_launch_invariant) ... ok
test_new_output_is_exact_task_owned_and_append_only (tests.test_gate4c_verdict_evidence.Gate4CVerdictEvidenceTests.test_new_output_is_exact_task_owned_and_append_only) ... ok
test_observer_probe_patches_do_not_mutate_process_platform (tests.test_gate4c_verdict_evidence.Gate4CVerdictEvidenceTests.test_observer_probe_patches_do_not_mutate_process_platform) ... ok
test_observer_provider_identity_propagates_profile_validity (tests.test_gate4c_verdict_evidence.Gate4CVerdictEvidenceTests.test_observer_provider_identity_propagates_profile_validity) ... ok
test_observer_start_probe_persists_start_stderr (tests.test_gate4c_verdict_evidence.Gate4CVerdictEvidenceTests.test_observer_start_probe_persists_start_stderr) ... ok
test_observer_start_probe_preserves_exact_pass_commands (tests.test_gate4c_verdict_evidence.Gate4CVerdictEvidenceTests.test_observer_start_probe_preserves_exact_pass_commands) ... ok
test_resource_set_digest_is_order_independent (tests.test_gate4c_verdict_evidence.Gate4CVerdictEvidenceTests.test_resource_set_digest_is_order_independent) ... ok
test_stable_manifest_detects_file_replacement (tests.test_gate4c_verdict_evidence.Gate4CVerdictEvidenceTests.test_stable_manifest_detects_file_replacement) ... ok
test_artifact_manifest_detects_mutation (tests.test_gate4c_verdict_preflight.Gate4CVerdictPreflightTests.test_artifact_manifest_detects_mutation) ... ok
test_attestation_rejects_stale_future_unscoped_and_changed_host (tests.test_gate4c_verdict_preflight.Gate4CVerdictPreflightTests.test_attestation_rejects_stale_future_unscoped_and_changed_host) ... ok
test_canonical_digest_is_order_independent (tests.test_gate4c_verdict_preflight.Gate4CVerdictPreflightTests.test_canonical_digest_is_order_independent) ... ok
test_genuine_installer_without_version_resources_remains_unverified (tests.test_gate4c_verdict_preflight.Gate4CVerdictPreflightTests.test_genuine_installer_without_version_resources_remains_unverified) ... ok
test_host_state_changes_across_wake_or_observer_change (tests.test_gate4c_verdict_preflight.Gate4CVerdictPreflightTests.test_host_state_changes_across_wake_or_observer_change) ... ok
test_installed_executable_cannot_be_its_own_source (tests.test_gate4c_verdict_preflight.Gate4CVerdictPreflightTests.test_installed_executable_cannot_be_its_own_source) ... ok
test_no_follow_audit_refuses_symlink (tests.test_gate4c_verdict_preflight.Gate4CVerdictPreflightTests.test_no_follow_audit_refuses_symlink) ... skipped 'unsupported: symlink creation is unavailable'
test_other_signed_executable_is_not_a_source_artifact (tests.test_gate4c_verdict_preflight.Gate4CVerdictPreflightTests.test_other_signed_executable_is_not_a_source_artifact) ... ok
test_portable_package_member_inspection_must_be_task_owned (tests.test_gate4c_verdict_preflight.Gate4CVerdictPreflightTests.test_portable_package_member_inspection_must_be_task_owned) ... ok
test_portable_package_refuses_case_colliding_entries (tests.test_gate4c_verdict_preflight.Gate4CVerdictPreflightTests.test_portable_package_refuses_case_colliding_entries) ... ok
test_portable_package_refuses_source_or_member_drift_during_inspection (tests.test_gate4c_verdict_preflight.Gate4CVerdictPreflightTests.test_portable_package_refuses_source_or_member_drift_during_inspection) ... ok
test_portable_package_refuses_unbound_or_mismatched_member (tests.test_gate4c_verdict_preflight.Gate4CVerdictPreflightTests.test_portable_package_refuses_unbound_or_mismatched_member) ... ok
test_portable_package_refuses_wrong_version_and_unsafe_structure (tests.test_gate4c_verdict_preflight.Gate4CVerdictPreflightTests.test_portable_package_refuses_wrong_version_and_unsafe_structure) ... ok
test_quiet_host_attestation_is_exact_and_closed (tests.test_gate4c_verdict_preflight.Gate4CVerdictPreflightTests.test_quiet_host_attestation_is_exact_and_closed) ... ok
test_record_writer_refuses_output_outside_task_root (tests.test_gate4c_verdict_preflight.Gate4CVerdictPreflightTests.test_record_writer_refuses_output_outside_task_root) ... ok
test_signed_portable_package_binds_exact_installed_executable (tests.test_gate4c_verdict_preflight.Gate4CVerdictPreflightTests.test_signed_portable_package_binds_exact_installed_executable) ... ok
test_source_is_never_inferred_when_artifact_is_absent (tests.test_gate4c_verdict_preflight.Gate4CVerdictPreflightTests.test_source_is_never_inferred_when_artifact_is_absent) ... ok
test_source_reparse_path_is_refused (tests.test_gate4c_verdict_preflight.Gate4CVerdictPreflightTests.test_source_reparse_path_is_refused) ... skipped 'unsupported: symlink creation is unavailable'
test_source_reparse_refusal_does_not_depend_on_symlink_privilege (tests.test_gate4c_verdict_preflight.Gate4CVerdictPreflightTests.test_source_reparse_refusal_does_not_depend_on_symlink_privilege) ... ok
test_source_requires_recognized_distinct_installer (tests.test_gate4c_verdict_preflight.Gate4CVerdictPreflightTests.test_source_requires_recognized_distinct_installer) ... ok
test_wrong_version_and_unsigned_renamed_installers_are_refused (tests.test_gate4c_verdict_preflight.Gate4CVerdictPreflightTests.test_wrong_version_and_unsigned_renamed_installers_are_refused) ... ok
test_broker_abort_cancels_and_records_exact_capture (tests.test_gate4c_verdict_session.Gate4CVerdictSessionTests.test_broker_abort_cancels_and_records_exact_capture) ... ok
test_broker_status_revalidates_bound_active_capture (tests.test_gate4c_verdict_session.Gate4CVerdictSessionTests.test_broker_status_revalidates_bound_active_capture) ... ok
test_failed_file_create_is_not_a_persistent_effect (tests.test_gate4c_verdict_session.Gate4CVerdictSessionTests.test_failed_file_create_is_not_a_persistent_effect) ... ok
test_failed_registry_mutation_is_not_a_persistent_effect (tests.test_gate4c_verdict_session.Gate4CVerdictSessionTests.test_failed_registry_mutation_is_not_a_persistent_effect) ... ok
test_file_create_disposition_distinguishes_open_from_mutation (tests.test_gate4c_verdict_session.Gate4CVerdictSessionTests.test_file_create_disposition_distinguishes_open_from_mutation) ... ok
test_file_create_requires_matching_completion_event_class (tests.test_gate4c_verdict_session.Gate4CVerdictSessionTests.test_file_create_requires_matching_completion_event_class) ... ok
test_file_object_reuse_boundary_refuses_stale_rundown (tests.test_gate4c_verdict_session.Gate4CVerdictSessionTests.test_file_object_reuse_boundary_refuses_stale_rundown) ... ok
test_immediate_same_thread_open_handoff_resolves_result_kcb (tests.test_gate4c_verdict_session.Gate4CVerdictSessionTests.test_immediate_same_thread_open_handoff_resolves_result_kcb) ... ok
test_named_provider_process_is_attributed_but_unrelated_process_is_not (tests.test_gate4c_verdict_session.Gate4CVerdictSessionTests.test_named_provider_process_is_attributed_but_unrelated_process_is_not) ... ok
test_nt_volume_paths_are_resolved_before_classification (tests.test_gate4c_verdict_session.Gate4CVerdictSessionTests.test_nt_volume_paths_are_resolved_before_classification) ... ok
test_observation_digest_matches_reviewed_cpp_field_order (tests.test_gate4c_verdict_session.Gate4CVerdictSessionTests.test_observation_digest_matches_reviewed_cpp_field_order) ... ok
test_open_handoff_requires_success_same_thread_and_immediacy (tests.test_gate4c_verdict_session.Gate4CVerdictSessionTests.test_open_handoff_requires_success_same_thread_and_immediacy) ... ok
test_path_classification_is_exact_and_case_insensitive (tests.test_gate4c_verdict_session.Gate4CVerdictSessionTests.test_path_classification_is_exact_and_case_insensitive) ... ok
test_preexisting_file_object_resolves_from_future_rundown (tests.test_gate4c_verdict_session.Gate4CVerdictSessionTests.test_preexisting_file_object_resolves_from_future_rundown) ... ok
test_primary_pid_requires_the_exact_factorio_image (tests.test_gate4c_verdict_session.Gate4CVerdictSessionTests.test_primary_pid_requires_the_exact_factorio_image) ... ok
test_process_tree_effects_bind_primary_child_and_writable_file (tests.test_gate4c_verdict_session.Gate4CVerdictSessionTests.test_process_tree_effects_bind_primary_child_and_writable_file) ... ok
test_protected_and_external_file_writes_are_not_weakened (tests.test_gate4c_verdict_session.Gate4CVerdictSessionTests.test_protected_and_external_file_writes_are_not_weakened) ... ok
test_registry_kcb_reuse_is_resolved_at_event_time (tests.test_gate4c_verdict_session.Gate4CVerdictSessionTests.test_registry_kcb_reuse_is_resolved_at_event_time) ... ok
test_registry_mutation_uses_kcb_and_is_always_forbidden (tests.test_gate4c_verdict_session.Gate4CVerdictSessionTests.test_registry_mutation_uses_kcb_and_is_always_forbidden) ... ok
test_registry_rundown_resolves_preexisting_kcb (tests.test_gate4c_verdict_session.Gate4CVerdictSessionTests.test_registry_rundown_resolves_preexisting_kcb) ... ok
test_reused_child_pid_after_process_end_is_not_attributed (tests.test_gate4c_verdict_session.Gate4CVerdictSessionTests.test_reused_child_pid_after_process_end_is_not_attributed) ... ok
test_unknown_file_name_resolves_from_temporal_file_object (tests.test_gate4c_verdict_session.Gate4CVerdictSessionTests.test_unknown_file_name_resolves_from_temporal_file_object) ... ok
test_unknown_file_object_remains_inconclusive (tests.test_gate4c_verdict_session.Gate4CVerdictSessionTests.test_unknown_file_object_remains_inconclusive) ... ok
test_wrong_pid_mutations_are_ignored_but_primary_start_is_required (tests.test_gate4c_verdict_session.Gate4CVerdictSessionTests.test_wrong_pid_mutations_are_ignored_but_primary_start_is_required) ... ok
test_desktop_adapters_have_no_manual_catalog_or_payload_switch (tests.test_generated_frontend_catalogs.GeneratedFrontendCatalogTests.test_desktop_adapters_have_no_manual_catalog_or_payload_switch) ... ok
test_diagnostics_export_and_localization_are_truthful (tests.test_generated_frontend_catalogs.GeneratedFrontendCatalogTests.test_diagnostics_export_and_localization_are_truthful) ... ok
test_native_language_catalogs_are_current_and_complete (tests.test_generated_frontend_catalogs.GeneratedFrontendCatalogTests.test_native_language_catalogs_are_current_and_complete) ... ok
test_application_command_surfaces_are_generated (tests.test_generated_metadata.GeneratedMetadataTests.test_application_command_surfaces_are_generated) ... ok
test_catalog_covers_every_indexed_contract_once (tests.test_generated_metadata.GeneratedMetadataTests.test_catalog_covers_every_indexed_contract_once) ... ok
test_generated_outputs_match_canonical_inputs (tests.test_generated_metadata.GeneratedMetadataTests.test_generated_outputs_match_canonical_inputs) ... ok
test_version_header_and_build_manifest_share_the_version_contract (tests.test_generated_metadata.GeneratedMetadataTests.test_version_header_and_build_manifest_share_the_version_contract) ... ok
test_gui_surface_check (tests.test_gui_surface.GuiSurfaceTests.test_gui_surface_check) ... ok
test_fail_does_not_promote_execution_authority (tests.test_h1_verdict.H1VerdictTests.test_fail_does_not_promote_execution_authority) ... ok
test_record_contains_no_raw_machine_or_account_identity (tests.test_h1_verdict.H1VerdictTests.test_record_contains_no_raw_machine_or_account_identity) ... ok
test_sanitized_verdict_matches_its_schema (tests.test_h1_verdict.H1VerdictTests.test_sanitized_verdict_matches_its_schema) ... ok
test_no_public_play_or_issuer_command_exists (tests.test_hermetic_play_candidate.HermeticPlayCandidateTests.test_no_public_play_or_issuer_command_exists) ... ok
test_observation_gap_set_is_closed (tests.test_hermetic_play_candidate.HermeticPlayCandidateTests.test_observation_gap_set_is_closed) ... ok
test_packet_schema_cannot_record_verdict_or_authority (tests.test_hermetic_play_candidate.HermeticPlayCandidateTests.test_packet_schema_cannot_record_verdict_or_authority) ... ok
test_policy_digest_mutation_is_detectable (tests.test_hermetic_play_candidate.HermeticPlayCandidateTests.test_policy_digest_mutation_is_detectable) ... ok
test_repository_candidate_boundary_is_valid (tests.test_hermetic_play_candidate.HermeticPlayCandidateTests.test_repository_candidate_boundary_is_valid) ... ok
test_broad_workspace_prefix_is_refused (tests.test_hermetic_play_policy.HermeticPlayPolicyTests.test_broad_workspace_prefix_is_refused) ... ok
test_candidate_mutation_invalidates_policy (tests.test_hermetic_play_policy.HermeticPlayPolicyTests.test_candidate_mutation_invalidates_policy) ... ok
test_canonical_digest_ignores_object_insertion_order (tests.test_hermetic_play_policy.HermeticPlayPolicyTests.test_canonical_digest_ignores_object_insertion_order) ... ok
test_missing_exact_resource_is_refused (tests.test_hermetic_play_policy.HermeticPlayPolicyTests.test_missing_exact_resource_is_refused) ... ok
test_observer_gap_cannot_be_waived (tests.test_hermetic_play_policy.HermeticPlayPolicyTests.test_observer_gap_cannot_be_waived) ... ok
test_repository_policy_is_valid_and_digest_bound (tests.test_hermetic_play_policy.HermeticPlayPolicyTests.test_repository_policy_is_valid_and_digest_bound) ... ok
test_verdict_and_policy_cannot_grant_authority (tests.test_hermetic_play_policy.HermeticPlayPolicyTests.test_verdict_and_policy_cannot_grant_authority) ... ok
test_whole_host_overclaim_is_refused (tests.test_hermetic_play_policy.HermeticPlayPolicyTests.test_whole_host_overclaim_is_refused) ... ok
test_regular_parent_does_not_instrument_consumer (tests.test_installed_sdk_smoke.InstalledSdkSmokeTests.test_regular_parent_does_not_instrument_consumer) ... ok
test_sanitized_parent_links_consumer_to_sanitizer_runtime (tests.test_installed_sdk_smoke.InstalledSdkSmokeTests.test_sanitized_parent_links_consumer_to_sanitizer_runtime) ... ok
test_no_public_play_or_issuer_command_exists (tests.test_instance_isolated_play_candidate.InstanceIsolatedPlayCandidateTests.test_no_public_play_or_issuer_command_exists) ... ok
test_observation_taxonomy_and_gaps_are_closed (tests.test_instance_isolated_play_candidate.InstanceIsolatedPlayCandidateTests.test_observation_taxonomy_and_gaps_are_closed) ... ok
test_packet_cannot_record_verdict_or_authority (tests.test_instance_isolated_play_candidate.InstanceIsolatedPlayCandidateTests.test_packet_cannot_record_verdict_or_authority) ... ok
test_plan_policy_and_mode_are_exact (tests.test_instance_isolated_play_candidate.InstanceIsolatedPlayCandidateTests.test_plan_policy_and_mode_are_exact) ... ok
test_repository_candidate_boundary_is_valid (tests.test_instance_isolated_play_candidate.InstanceIsolatedPlayCandidateTests.test_repository_candidate_boundary_is_valid) ... ok
test_factorio_version_invocation_is_inside_protected_snapshot_window (tests.test_instance_isolation_probe.InstanceIsolationProbeTests.test_factorio_version_invocation_is_inside_protected_snapshot_window) ... ok
test_preflight_refuses_malformed_missing_mismatched_and_reparse_config (tests.test_instance_isolation_probe.InstanceIsolationProbeTests.test_preflight_refuses_malformed_missing_mismatched_and_reparse_config) ... ok
test_probe_lock_contention_is_structured (tests.test_instance_isolation_probe.InstanceIsolationProbeTests.test_probe_lock_contention_is_structured) ... ok
test_probe_preserves_protected_roots_and_reports_effective_isolation (tests.test_instance_isolation_probe.InstanceIsolationProbeTests.test_probe_preserves_protected_roots_and_reports_effective_isolation) ... ok
test_real_factorio_harness_prepares_pending_evidence_and_requires_ack (tests.test_instance_isolation_probe.InstanceIsolationProbeTests.test_real_factorio_harness_prepares_pending_evidence_and_requires_ack) ... ok
test_real_smoke_process_supervision_records_timeout_and_termination (tests.test_instance_isolation_probe.InstanceIsolationProbeTests.test_real_smoke_process_supervision_records_timeout_and_termination) ... ok
test_real_smoke_snapshot_is_bounded_no_follow_and_reports_detailed_diff (tests.test_instance_isolation_probe.InstanceIsolationProbeTests.test_real_smoke_snapshot_is_bounded_no_follow_and_reports_detailed_diff) ... ok
test_real_smoke_write_observation_records_artifact_and_classifications (tests.test_instance_isolation_probe.InstanceIsolationProbeTests.test_real_smoke_write_observation_records_artifact_and_classifications) ... ok
test_archive_fault_matrix_preserves_live_or_owned_trash_content (tests.test_instance_lifecycle.InstanceLifecycleTests.test_archive_fault_matrix_preserves_live_or_owned_trash_content) ... ok
test_archive_refuses_run_lock_without_moving_content (tests.test_instance_lifecycle.InstanceLifecycleTests.test_archive_refuses_run_lock_without_moving_content) ... ok
test_clone_post_commit_fault_leaves_recognizable_committed_target (tests.test_instance_lifecycle.InstanceLifecycleTests.test_clone_post_commit_fault_leaves_recognizable_committed_target) ... ok
test_clone_rename_archive_restore_is_reversible_and_id_immutable (tests.test_instance_lifecycle.InstanceLifecycleTests.test_clone_rename_archive_restore_is_reversible_and_id_immutable) ... ok
test_faults_never_clobber_destination_or_hard_delete_source (tests.test_instance_lifecycle.InstanceLifecycleTests.test_faults_never_clobber_destination_or_hard_delete_source) ... ok
test_restore_fault_matrix_preserves_archive_and_bounded_destination_state (tests.test_instance_lifecycle.InstanceLifecycleTests.test_restore_fault_matrix_preserves_archive_and_bounded_destination_state) ... ok
test_restore_refuses_when_registered_install_version_drifted (tests.test_instance_lifecycle.InstanceLifecycleTests.test_restore_refuses_when_registered_install_version_drifted) ... ok
test_diff_integrity_refusal_and_retention_move_to_trash (tests.test_instance_snapshots.InstanceSnapshotTests.test_diff_integrity_refusal_and_retention_move_to_trash) ... ok
test_reproducible_portable_snapshot_and_cross_workspace_restore (tests.test_instance_snapshots.InstanceSnapshotTests.test_reproducible_portable_snapshot_and_cross_workspace_restore) ... ok
test_dynamic_properties_are_validated (tests.test_json_contract_subset.JsonContractSubsetTests.test_dynamic_properties_are_validated) ... ok
test_live_schema_policy_uses_only_enforced_keywords (tests.test_json_contract_subset.JsonContractSubsetTests.test_live_schema_policy_uses_only_enforced_keywords) ... ok
test_pattern_and_array_bounds_are_enforced (tests.test_json_contract_subset.JsonContractSubsetTests.test_pattern_and_array_bounds_are_enforced) ... ok
test_unknown_type_is_not_silently_accepted (tests.test_json_contract_subset.JsonContractSubsetTests.test_unknown_type_is_not_silently_accepted) ... ok
test_unsupported_keyword_is_not_silently_accepted (tests.test_json_contract_subset.JsonContractSubsetTests.test_unsupported_keyword_is_not_silently_accepted) ... ok
test_domain_code_cannot_include_upstream_header (tests.test_json_dependency_admission.JsonDependencyAdmissionTests.test_domain_code_cannot_include_upstream_header) ... ok
test_picojson_pin_license_and_hashes_are_exact (tests.test_json_dependency_admission.JsonDependencyAdmissionTests.test_picojson_pin_license_and_hashes_are_exact) ... ok
test_sbom_and_notices_close_over_picojson (tests.test_json_dependency_admission.JsonDependencyAdmissionTests.test_sbom_and_notices_close_over_picojson) ... ok
test_language_runtime_policy_check (tests.test_language_runtime_policy.LanguageRuntimePolicyTests.test_language_runtime_policy_check) ... ok
test_explicit_roots_are_nonrecursive_and_builtins_come_from_install_metadata (tests.test_local_mod_inventory.LocalModInventoryTests.test_explicit_roots_are_nonrecursive_and_builtins_come_from_install_metadata) ... ok
test_managed_inventory_has_stable_archives_dependencies_and_references (tests.test_local_mod_inventory.LocalModInventoryTests.test_managed_inventory_has_stable_archives_dependencies_and_references) ... ok
test_apply_and_rollback_restore_exact_state (tests.test_local_modset_solver.LocalModsetSolverTests.test_apply_and_rollback_restore_exact_state) ... ok
test_dependency_plan_is_byte_deterministic_and_honors_tie_breaks (tests.test_local_modset_solver.LocalModsetSolverTests.test_dependency_plan_is_byte_deterministic_and_honors_tie_breaks) ... ok
test_fault_after_first_commit_restores_original_state (tests.test_local_modset_solver.LocalModsetSolverTests.test_fault_after_first_commit_restores_original_state) ... ok
test_missing_dependencies_and_all_budgets_fail_closed (tests.test_local_modset_solver.LocalModsetSolverTests.test_missing_dependencies_and_all_budgets_fail_closed) ... ok
test_required_and_optional_cycles_terminate_and_incompatibilities_refuse (tests.test_local_modset_solver.LocalModsetSolverTests.test_required_and_optional_cycles_terminate_and_incompatibilities_refuse) ... ok
test_rollback_fault_restores_applied_state_before_retry (tests.test_local_modset_solver.LocalModsetSolverTests.test_rollback_fault_restores_applied_state_before_retry) ... ok
test_rollback_history_cannot_redirect_managed_targets (tests.test_local_modset_solver.LocalModsetSolverTests.test_rollback_history_cannot_redirect_managed_targets) ... ok
test_three_repository_proof_remains_complete_and_bounded (tests.test_m1_system_proof.M1SystemProofTests.test_three_repository_proof_remains_complete_and_bounded) ... ok
test_frozen_policy_records_no_result (tests.test_m2_wu10_machine_acceptance.M2Wu10MachineAcceptanceTests.test_frozen_policy_records_no_result) ... ok
test_independent_fixture_derives_evidence_pass (tests.test_m2_wu10_machine_acceptance.M2Wu10MachineAcceptanceTests.test_independent_fixture_derives_evidence_pass) ... ok
test_recorded_machine_pass_binds_candidate_validation_without_human_pass (tests.test_m2_wu10_machine_acceptance.M2Wu10MachineAcceptanceTests.test_recorded_machine_pass_binds_candidate_validation_without_human_pass) ... ok
test_recorded_observation_binds_corrected_policy_and_fresh_evidence (tests.test_m2_wu10_machine_acceptance.M2Wu10MachineAcceptanceTests.test_recorded_observation_binds_corrected_policy_and_fresh_evidence) ... ok
test_required_negative_controls_fail_closed (tests.test_m2_wu10_machine_acceptance.M2Wu10MachineAcceptanceTests.test_required_negative_controls_fail_closed) ... ok
test_pending_record_is_complete_and_cannot_promote_authority (tests.test_m2_wu10_operator_acceptance.M2Wu10OperatorAcceptanceTests.test_pending_record_is_complete_and_cannot_promote_authority) ... ok
test_complete_cross_repository_corpus_is_bound_and_fail_closed (tests.test_m2_wu9_adversarial_proof.M2Wu9AdversarialProofTests.test_complete_cross_repository_corpus_is_bound_and_fail_closed) ... ok
test_provider_manifest_identity_is_checkout_line_ending_invariant (tests.test_m2_wu9_adversarial_proof.M2Wu9AdversarialProofTests.test_provider_manifest_identity_is_checkout_line_ending_invariant) ... ok
test_application_outcome_kind_survives_machine_transport (tests.test_machine_transport.MachineTransportTests.test_application_outcome_kind_survives_machine_transport) ... ok
test_input_budget_is_enforced (tests.test_machine_transport.MachineTransportTests.test_input_budget_is_enforced) ... ok
test_invalid_protocol_returns_one_machine_envelope (tests.test_machine_transport.MachineTransportTests.test_invalid_protocol_returns_one_machine_envelope) ... ok
test_request_id_and_unicode_payload_round_trip (tests.test_machine_transport.MachineTransportTests.test_request_id_and_unicode_payload_round_trip) ... ok
test_single_leading_utf8_bom_is_accepted_for_dotnet_clients (tests.test_machine_transport.MachineTransportTests.test_single_leading_utf8_bom_is_accepted_for_dotnet_clients) ... ok
test_v2_round_trip_preserves_durable_operation_identity (tests.test_machine_transport.MachineTransportTests.test_v2_round_trip_preserves_durable_operation_identity) ... ok
test_deflated_real_world_mod_routes_import_lock_verify_and_export (tests.test_modzip_depth.ModZipDepthTests.test_deflated_real_world_mod_routes_import_lock_verify_and_export) ... ok
test_duplicate_versions_and_incompatibilities_match_goldens (tests.test_modzip_depth.ModZipDepthTests.test_duplicate_versions_and_incompatibilities_match_goldens) ... ok
test_exported_modset_is_portable_and_source_tree_is_read_only (tests.test_modzip_depth.ModZipDepthTests.test_exported_modset_is_portable_and_source_tree_is_read_only) ... ok
test_invalid_fixture_imports_match_goldens_without_partial_install (tests.test_modzip_depth.ModZipDepthTests.test_invalid_fixture_imports_match_goldens_without_partial_install) ... ok
test_name_version_and_dependency_refusals_are_structured (tests.test_modzip_depth.ModZipDepthTests.test_name_version_and_dependency_refusals_are_structured) ... ok
test_unsafe_and_over_budget_archives_refuse_before_import_copy (tests.test_modzip_depth.ModZipDepthTests.test_unsafe_and_over_budget_archives_refuse_before_import_copy) ... ok
test_valid_fixture_locks_match_goldens_and_preserve_sources (tests.test_modzip_depth.ModZipDepthTests.test_valid_fixture_locks_match_goldens_and_preserve_sources) ... ok
test_verify_checks_sha1_and_sha256_drift (tests.test_modzip_depth.ModZipDepthTests.test_verify_checks_sha1_and_sha256_drift) ... ok
test_verify_rejects_metadata_drift_even_when_lock_hashes_are_rewritten (tests.test_modzip_depth.ModZipDepthTests.test_verify_rejects_metadata_drift_even_when_lock_hashes_are_rewritten) ... ok
test_permit_contract_and_no_authority_boundary (tests.test_operation_permit_contract.OperationPermitContractTests.test_permit_contract_and_no_authority_boundary) ... ok
test_operational_ux_contract_check (tests.test_operational_ux.OperationalUxTests.test_operational_ux_contract_check) ... ok
test_external_component_requires_a_safe_destination (tests.test_package_external_component_staging.PackageExternalComponentStagingTests.test_external_component_requires_a_safe_destination) ... ok
test_winforms_artifact_is_staged_into_installed_tree (tests.test_package_external_component_staging.PackageExternalComponentStagingTests.test_winforms_artifact_is_staged_into_installed_tree) ... ok
test_application_maps_the_linux_profile_to_setup_authority (tests.test_package_linux_proof.LinuxPackageProofContractTests.test_application_maps_the_linux_profile_to_setup_authority) ... ok
test_ci_invokes_required_proof_and_preserves_unsigned_evidence (tests.test_package_linux_proof.LinuxPackageProofContractTests.test_ci_invokes_required_proof_and_preserves_unsigned_evidence) ... ok
test_profile_and_bundle_are_cli_only_and_target_specific (tests.test_package_linux_proof.LinuxPackageProofContractTests.test_profile_and_bundle_are_cli_only_and_target_specific) ... ok
test_proof_schemas_are_strict_and_zero_skip (tests.test_package_linux_proof.LinuxPackageProofContractTests.test_proof_schemas_are_strict_and_zero_skip) ... ok
test_application_maps_macos_profile_to_setup_authority (tests.test_package_macos_proof.MacosPackageProofContractTests.test_application_maps_macos_profile_to_setup_authority) ... ok
test_ci_runs_full_native_and_package_proof_without_promoting_appkit (tests.test_package_macos_proof.MacosPackageProofContractTests.test_ci_runs_full_native_and_package_proof_without_promoting_appkit) ... ok
test_profile_and_bundle_are_cli_only_intel_and_target_specific (tests.test_package_macos_proof.MacosPackageProofContractTests.test_profile_and_bundle_are_cli_only_intel_and_target_specific) ... ok
test_proof_schemas_are_strict_unsigned_and_zero_skip (tests.test_package_macos_proof.MacosPackageProofContractTests.test_proof_schemas_are_strict_unsigned_and_zero_skip) ... ok
test_bundle_components_require_explicit_known_runtime_roles (tests.test_package_manifests.PackageManifestTests.test_bundle_components_require_explicit_known_runtime_roles) ... ok
test_package_check (tests.test_package_manifests.PackageManifestTests.test_package_check) ... ok
test_package_layout_check (tests.test_package_manifests.PackageManifestTests.test_package_layout_check) ... ok
test_package_manifest_check (tests.test_package_manifests.PackageManifestTests.test_package_manifest_check) ... ok
test_package_skeleton_check (tests.test_package_manifests.PackageManifestTests.test_package_skeleton_check) ... ok
test_packaging_schema_namespace_exists (tests.test_package_manifests.PackageManifestTests.test_packaging_schema_namespace_exists) ... ok
test_platform_manifests_exist (tests.test_package_manifests.PackageManifestTests.test_platform_manifests_exist) ... ok
test_package_pipeline_contract (tests.test_package_pipeline_architecture.PackagePipelineArchitectureTests.test_package_pipeline_contract) ... ok
test_package_tree_snapshot_is_stable_and_detects_drift (tests.test_package_pipeline_architecture.PackagePipelineArchitectureTests.test_package_tree_snapshot_is_stable_and_detects_drift) ... ok
test_reproducibility_artifact_filter_excludes_ownership_metadata (tests.test_package_pipeline_architecture.PackagePipelineArchitectureTests.test_reproducibility_artifact_filter_excludes_ownership_metadata) ... ok
test_zip_archives_are_byte_reproducible (tests.test_package_pipeline_architecture.PackagePipelineArchitectureTests.test_zip_archives_are_byte_reproducible) ... ok
test_durable_io_reports_platform_guarantee_level (tests.test_platform_portability.PlatformPortabilityTests.test_durable_io_reports_platform_guarantee_level) ... ok
test_secure_randomness_has_explicit_target_sources (tests.test_platform_portability.PlatformPortabilityTests.test_secure_randomness_has_explicit_target_sources) ... ok
test_profile_lifecycle_plan_apply_and_safe_argument_boundary (tests.test_profiles_templates.ProfileTemplateTests.test_profile_lifecycle_plan_apply_and_safe_argument_boundary) ... ok
test_shipped_template_and_existing_gui_instance_remain_compatible (tests.test_profiles_templates.ProfileTemplateTests.test_shipped_template_and_existing_gui_instance_remain_compatible) ... ok
test_r37_lifecycle_check (tests.test_r37_lifecycle_check.R37LifecycleCheckTests.test_r37_lifecycle_check) ... ok
test_reversible_instance_content_lifecycle_across_live_transports (tests.test_r37_lifecycle_journey.R37LifecycleJourneyTests.test_reversible_instance_content_lifecycle_across_live_transports) ... ok
test_required_bounded_scale_corpus (tests.test_r37_performance.R37PerformanceTests.test_required_bounded_scale_corpus) ... skipped 'optional: set FACMAN_RUN_R37_FULL_PERFORMANCE=1 for the bounded full-scale corpus'
test_committed_target_is_preserved_and_unknown_or_contended_state_refuses (tests.test_recovery.RecoveryTests.test_committed_target_is_preserved_and_unknown_or_contended_state_refuses) ... ok
test_inspect_plan_apply_and_repeated_apply_are_bounded_and_idempotent (tests.test_recovery.RecoveryTests.test_inspect_plan_apply_and_repeated_apply_are_bounded_and_idempotent) ... ok
test_missing_and_substituted_staging_and_doctor_are_fail_closed (tests.test_recovery.RecoveryTests.test_missing_and_substituted_staging_and_doctor_are_fail_closed) ... ok
test_read_only_recovery_state_refuses_without_touching_target (tests.test_recovery.RecoveryTests.test_read_only_recovery_state_refuses_without_touching_target) ... ok
test_refusal_code_registry_covers_goldens (tests.test_refusal_contract.RefusalContractTests.test_refusal_code_registry_covers_goldens) ... ok
test_refusal_goldens_use_common_refusal_contract (tests.test_refusal_goldens.RefusalGoldenTests.test_refusal_goldens_use_common_refusal_contract) ... ok
test_release_structure_check (tests.test_release_structure.ReleaseStructureTests.test_release_structure_check) ... ok
test_checked_spec_requires_https_canonical_ref_and_full_pin (tests.test_remote_source_closure.RemoteSourceClosureTests.test_checked_spec_requires_https_canonical_ref_and_full_pin) ... ok
test_clone_exact_uses_no_local_and_detached_pin (tests.test_remote_source_closure.RemoteSourceClosureTests.test_clone_exact_uses_no_local_and_detached_pin) ... ok
test_generated_report_satisfies_source_closure_schema (tests.test_remote_source_closure.RemoteSourceClosureTests.test_generated_report_satisfies_source_closure_schema) ... ok
test_nonempty_roots_are_refused_without_deletion (tests.test_remote_source_closure.RemoteSourceClosureTests.test_nonempty_roots_are_refused_without_deletion) ... ok
test_package_source_revisions_must_equal_exact_checkouts (tests.test_remote_source_closure.RemoteSourceClosureTests.test_package_source_revisions_must_equal_exact_checkouts) ... ok
test_provider_specs_are_bound_to_workspace_lock (tests.test_remote_source_closure.RemoteSourceClosureTests.test_provider_specs_are_bound_to_workspace_lock) ... ok
test_provider_specs_reject_optional_source_closure (tests.test_remote_source_closure.RemoteSourceClosureTests.test_provider_specs_reject_optional_source_closure) ... ok
test_required_package_proof_requires_explicit_zero_skip_result (tests.test_remote_source_closure.RemoteSourceClosureTests.test_required_package_proof_requires_explicit_zero_skip_result) ... ok
test_test_counts_and_installed_sdk_are_extracted_from_records (tests.test_remote_source_closure.RemoteSourceClosureTests.test_test_counts_and_installed_sdk_are_extracted_from_records) ... ok
test_check_workspace_accepts_minimal_checkout_shape (tests.test_repro_workspace_smoke.ReproWorkspaceSmokeTests.test_check_workspace_accepts_minimal_checkout_shape) ... ok
test_check_workspace_rejects_factorio_owned_ulk (tests.test_repro_workspace_smoke.ReproWorkspaceSmokeTests.test_check_workspace_rejects_factorio_owned_ulk) ... ok
test_check_workspace_rejects_factorio_path_in_universal_launcher (tests.test_repro_workspace_smoke.ReproWorkspaceSmokeTests.test_check_workspace_rejects_factorio_path_in_universal_launcher) ... ok
test_check_workspace_rejects_universal_gui_toolkit_path (tests.test_repro_workspace_smoke.ReproWorkspaceSmokeTests.test_check_workspace_rejects_universal_gui_toolkit_path) ... ok
test_repro_build_root_is_outside_repos_and_keyed_by_workspace (tests.test_repro_workspace_smoke.ReproWorkspaceSmokeTests.test_repro_build_root_is_outside_repos_and_keyed_by_workspace) ... ok
test_run_step_can_capture_evidence_without_printing_success_output (tests.test_repro_workspace_smoke.ReproWorkspaceSmokeTests.test_run_step_can_capture_evidence_without_printing_success_output) ... ok
test_validation_environment_disables_python_bytecode_writes (tests.test_repro_workspace_smoke.ReproWorkspaceSmokeTests.test_validation_environment_disables_python_bytecode_writes) ... ok
test_validation_matrix_binds_package_proof_to_its_tui_build (tests.test_repro_workspace_smoke.ReproWorkspaceSmokeTests.test_validation_matrix_binds_package_proof_to_its_tui_build) ... ok
test_workspace_root_resolves_grouped_repos (tests.test_repro_workspace_smoke.ReproWorkspaceSmokeTests.test_workspace_root_resolves_grouped_repos) ... ok
test_required_and_unknown_field_law_matches_live_runtime (tests.test_request_schema_runtime_conformance.RequestSchemaRuntimeConformanceTests.test_required_and_unknown_field_law_matches_live_runtime) ... ok
test_install_id_cannot_escape_workspace (tests.test_safety_boundaries.ManagedPathSafetyTests.test_install_id_cannot_escape_workspace) ... ok
test_install_import_is_no_clobber (tests.test_safety_boundaries.ManagedPathSafetyTests.test_install_import_is_no_clobber) ... ok
test_instance_create_is_no_clobber_and_leaves_no_staging_tree (tests.test_safety_boundaries.ManagedPathSafetyTests.test_instance_create_is_no_clobber_and_leaves_no_staging_tree) ... ok
test_instance_id_cannot_escape_workspace (tests.test_safety_boundaries.ManagedPathSafetyTests.test_instance_id_cannot_escape_workspace) ... ok
test_instance_import_id_cannot_escape_workspace (tests.test_safety_boundaries.ManagedPathSafetyTests.test_instance_import_id_cannot_escape_workspace) ... ok
test_instance_lookup_refuses_link_escape (tests.test_safety_boundaries.ManagedPathSafetyTests.test_instance_lookup_refuses_link_escape) ... ok
test_manifest_cannot_redirect_instance_local_data_root (tests.test_safety_boundaries.ManagedPathSafetyTests.test_manifest_cannot_redirect_instance_local_data_root) ... ok
test_reserved_and_absolute_identifiers_are_refused (tests.test_safety_boundaries.ManagedPathSafetyTests.test_reserved_and_absolute_identifiers_are_refused) ... ok
test_save_lookup_cannot_escape_instance_save_root (tests.test_safety_boundaries.ManagedPathSafetyTests.test_save_lookup_cannot_escape_instance_save_root) ... ok
test_server_id_cannot_escape_workspace (tests.test_safety_boundaries.ManagedPathSafetyTests.test_server_id_cannot_escape_workspace) ... ok
test_index_association_drift_and_diff_are_structural_only (tests.test_save_index_retention.SaveIndexRetentionTests.test_index_association_drift_and_diff_are_structural_only) ... ok
test_retention_moves_save_and_sidecar_to_owned_reversible_trash (tests.test_save_index_retention.SaveIndexRetentionTests.test_retention_moves_save_and_sidecar_to_owned_reversible_trash) ... ok
test_retention_target_substitution_enters_recovery_without_losing_original (tests.test_save_index_retention.SaveIndexRetentionTests.test_retention_target_substitution_enters_recovery_without_losing_original) ... ok
test_backup_refuses_multiply_linked_source_before_destination (tests.test_save_transfer.SaveTransferTests.test_backup_refuses_multiply_linked_source_before_destination) ... ok
test_deflated_save_recognition_is_structural_and_never_claims_deep_semantics (tests.test_save_transfer.SaveTransferTests.test_deflated_save_recognition_is_structural_and_never_claims_deep_semantics) ... ok
test_export_hash_closure_and_import_tamper_refusal_leave_no_partial_instance (tests.test_save_transfer.SaveTransferTests.test_export_hash_closure_and_import_tamper_refusal_leave_no_partial_instance) ... ok
test_import_fault_matrix_leaves_no_partial_or_a_recognized_committed_target (tests.test_save_transfer.SaveTransferTests.test_import_fault_matrix_leaves_no_partial_or_a_recognized_committed_target) ... ok
test_transaction_state_faults_never_leave_an_apparently_partial_instance (tests.test_save_transfer.SaveTransferTests.test_transaction_state_faults_never_leave_an_apparently_partial_instance) ... ok
test_unsafe_transfer_entry_refuses_before_output (tests.test_save_transfer.SaveTransferTests.test_unsafe_transfer_entry_refuses_before_output) ... ok
test_package_check (tests.test_schema_tools.ToolTests.test_package_check) ... ok
test_schema_validate (tests.test_schema_tools.ToolTests.test_schema_validate) ... ok
test_security_policy_check (tests.test_schema_tools.ToolTests.test_security_policy_check) ... ok
test_standards_metaschema_rejects_invalid_keyword_shape (tests.test_schema_tools.ToolTests.test_standards_metaschema_rejects_invalid_keyword_shape) ... ok
test_strict_check (tests.test_schema_tools.ToolTests.test_strict_check) ... ok
test_structure_policy_check (tests.test_schema_tools.ToolTests.test_structure_policy_check) ... ok
test_plaintext_sensitive_profile_fields_are_refused (tests.test_server_plan.ServerPlanTests.test_plaintext_sensitive_profile_fields_are_refused) ... ok
test_portable_export_excludes_save_and_execution_assets_by_default (tests.test_server_plan.ServerPlanTests.test_portable_export_excludes_save_and_execution_assets_by_default) ... ok
test_profile_plan_diff_and_execution_boundaries (tests.test_server_plan.ServerPlanTests.test_profile_plan_diff_and_execution_boundaries) ... ok
test_facman_package_verify_routes_through_canonical_usk_command (tests.test_setup_package_routing.SetupPackageRoutingTests.test_facman_package_verify_routes_through_canonical_usk_command) ... ok
test_workspace_lock_pins_integrated_universal_revisions (tests.test_setup_package_routing.SetupPackageRoutingTests.test_workspace_lock_pins_integrated_universal_revisions) ... ok
test_generated_setup_workflows_remain_explicit_and_guarded (tests.test_setup_workflows.SetupWorkflowTests.test_generated_setup_workflows_remain_explicit_and_guarded) ... ok
test_ci_workflow_has_normal_yaml_structure (tests.test_source_format_check.SourceFormatCheckTests.test_ci_workflow_has_normal_yaml_structure) ... ok
test_cr_only_line_endings_fail (tests.test_source_format_check.SourceFormatCheckTests.test_cr_only_line_endings_fail) ... ok
test_critical_files_are_physically_reviewable (tests.test_source_format_check.SourceFormatCheckTests.test_critical_files_are_physically_reviewable) ... ok
test_generated_collapse_requires_explicit_allowlist (tests.test_source_format_check.SourceFormatCheckTests.test_generated_collapse_requires_explicit_allowlist) ... ok
test_generated_golden_collapse_is_not_scope_guarded_by_default (tests.test_source_format_check.SourceFormatCheckTests.test_generated_golden_collapse_is_not_scope_guarded_by_default) ... ok
test_large_one_line_python_file_fails (tests.test_source_format_check.SourceFormatCheckTests.test_large_one_line_python_file_fails) ... ok
test_large_one_line_toml_file_fails (tests.test_source_format_check.SourceFormatCheckTests.test_large_one_line_toml_file_fails) ... ok
test_large_one_line_workflow_yaml_file_fails (tests.test_source_format_check.SourceFormatCheckTests.test_large_one_line_workflow_yaml_file_fails) ... ok
test_only_admitted_miniz_tree_is_classified_as_vendored_source (tests.test_source_format_check.SourceFormatCheckTests.test_only_admitted_miniz_tree_is_classified_as_vendored_source) ... ok
test_package_and_discovery_tool_scopes_have_explicit_physical_line_guard (tests.test_source_format_check.SourceFormatCheckTests.test_package_and_discovery_tool_scopes_have_explicit_physical_line_guard) ... ok
test_precommit_discovery_includes_untracked_nonignored_files (tests.test_source_format_check.SourceFormatCheckTests.test_precommit_discovery_includes_untracked_nonignored_files) ... ok
test_empty_workspace_status_paths_and_capabilities_are_truthful (tests.test_status_onboarding_explain.StatusOnboardingExplainTests.test_empty_workspace_status_paths_and_capabilities_are_truthful) ... ok
test_onboarding_and_explanations_are_deterministic_non_mutating_reports (tests.test_status_onboarding_explain.StatusOnboardingExplainTests.test_onboarding_and_explanations_are_deterministic_non_mutating_reports) ... ok
test_candidate_storage_marker_is_workunit_neutral (tests.test_structure_policy.StructurePolicyTests.test_candidate_storage_marker_is_workunit_neutral) ... ok
test_contract_spine_exists_beyond_schemas (tests.test_structure_policy.StructurePolicyTests.test_contract_spine_exists_beyond_schemas) ... ok
test_durable_roots_exist (tests.test_structure_policy.StructurePolicyTests.test_durable_roots_exist) ... ok
test_factorio_assets_live_with_binding (tests.test_structure_policy.StructurePolicyTests.test_factorio_assets_live_with_binding) ... ok
test_frontends_are_apps (tests.test_structure_policy.StructurePolicyTests.test_frontends_are_apps) ... ok
test_launch_truth_inputs_are_fail_closed (tests.test_structure_policy.StructurePolicyTests.test_launch_truth_inputs_are_fail_closed) ... ok
test_public_abi_prefixes_exist (tests.test_structure_policy.StructurePolicyTests.test_public_abi_prefixes_exist) ... ok
test_python_is_not_a_product_runtime (tests.test_structure_policy.StructurePolicyTests.test_python_is_not_a_product_runtime) ... ok
test_release_profiles_are_target_specific (tests.test_structure_policy.StructurePolicyTests.test_release_profiles_are_target_specific) ... ok
test_runtime_and_client_source_seams_exist (tests.test_structure_policy.StructurePolicyTests.test_runtime_and_client_source_seams_exist) ... ok
test_schema_namespaces_are_versioned (tests.test_structure_policy.StructurePolicyTests.test_schema_namespaces_are_versioned) ... ok
test_source_and_src_are_retired (tests.test_structure_policy.StructurePolicyTests.test_source_and_src_are_retired) ... ok
test_affected_python_runner_exposes_repo_and_test_helpers (tests.test_test_architecture.TestArchitectureTests.test_affected_python_runner_exposes_repo_and_test_helpers) ... ok
test_configured_fast_selection_rejects_policy_drift (tests.test_test_architecture.TestArchitectureTests.test_configured_fast_selection_rejects_policy_drift) ... ok
test_configured_fast_selection_tracks_tui_on_and_off_graphs (tests.test_test_architecture.TestArchitectureTests.test_configured_fast_selection_tracks_tui_on_and_off_graphs) ... ok
test_critical_coverage_enforces_aggregate_branches (tests.test_test_architecture.TestArchitectureTests.test_critical_coverage_enforces_aggregate_branches) ... ok
test_critical_coverage_requires_each_policy_module_and_designated_file (tests.test_test_architecture.TestArchitectureTests.test_critical_coverage_requires_each_policy_module_and_designated_file) ... ok
test_critical_coverage_uses_module_aggregate_not_best_file (tests.test_test_architecture.TestArchitectureTests.test_critical_coverage_uses_module_aggregate_not_best_file) ... ok
test_default_task_root_is_external_and_overrideable (tests.test_test_architecture.TestArchitectureTests.test_default_task_root_is_external_and_overrideable) ... ok
test_fast_runner_uses_required_and_configuration_optional_tests (tests.test_test_architecture.TestArchitectureTests.test_fast_runner_uses_required_and_configuration_optional_tests) ... ok
test_full_runner_persists_external_obligation_evidence (tests.test_test_architecture.TestArchitectureTests.test_full_runner_persists_external_obligation_evidence) ... ok
test_impact_selection_is_deterministic (tests.test_test_architecture.TestArchitectureTests.test_impact_selection_is_deterministic) ... ok
test_in_tree_output_requires_explicit_legacy_override (tests.test_test_architecture.TestArchitectureTests.test_in_tree_output_requires_explicit_legacy_override) ... ok
test_native_executable_honors_requested_configuration (tests.test_test_architecture.TestArchitectureTests.test_native_executable_honors_requested_configuration) ... ok
test_operator_category_cannot_be_automatically_passed (tests.test_test_architecture.TestArchitectureTests.test_operator_category_cannot_be_automatically_passed) ... ok
test_policy_is_complete_and_not_weakened (tests.test_test_architecture.TestArchitectureTests.test_policy_is_complete_and_not_weakened) ... ok
test_raw_python_runner_caches_build_tree_discovery (tests.test_test_architecture.TestArchitectureTests.test_raw_python_runner_caches_build_tree_discovery) ... ok
test_raw_python_runner_prefers_canonical_native_smoke_binary (tests.test_test_architecture.TestArchitectureTests.test_raw_python_runner_prefers_canonical_native_smoke_binary) ... ok
test_raw_python_runner_rejects_a_stale_canonical_binary (tests.test_test_architecture.TestArchitectureTests.test_raw_python_runner_rejects_a_stale_canonical_binary) ... ok
test_script_backed_native_tests_build_their_real_prerequisite (tests.test_test_architecture.TestArchitectureTests.test_script_backed_native_tests_build_their_real_prerequisite) ... ok
test_tui_executable_honors_requested_configuration (tests.test_test_architecture.TestArchitectureTests.test_tui_executable_honors_requested_configuration) ... ok
test_all_source_skip_reasons_use_the_reviewed_vocabulary (tests.test_test_obligations.TestObligationTests.test_all_source_skip_reasons_use_the_reviewed_vocabulary) ... ok
test_classification_is_exact_and_unknown_fails_closed (tests.test_test_obligations.TestObligationTests.test_classification_is_exact_and_unknown_fails_closed) ... ok
test_promotion_profile_requires_zero_required_skips (tests.test_test_obligations.TestObligationTests.test_promotion_profile_requires_zero_required_skips) ... ok
test_catalog_and_empty_unicode_workspace (tests.test_tui_product.TuiProductTests.test_catalog_and_empty_unicode_workspace) ... ok
test_generated_guided_forms_plain_mode_and_transport_refusal (tests.test_tui_product.TuiProductTests.test_generated_guided_forms_plain_mode_and_transport_refusal) ... ok
test_redirected_default_unavailable_and_cancellation (tests.test_tui_product.TuiProductTests.test_redirected_default_unavailable_and_cancellation) ... ok
test_ui_accessibility_check (tests.test_ui_accessibility.UiAccessibilityTests.test_ui_accessibility_check) ... ok
test_inspect_import_instance_plan_dry_run_and_gated_execute (tests.test_vertical_slice.VerticalSliceTests.test_inspect_import_instance_plan_dry_run_and_gated_execute) ... ok
test_malformed_vdf_falls_back_to_primary_steam_library (tests.test_windows_discovery.WindowsDiscoveryProviderTests.test_malformed_vdf_falls_back_to_primary_steam_library) ... ok
test_numeric_version_library_is_classified_without_parent_false_positive (tests.test_windows_discovery.WindowsDiscoveryProviderTests.test_numeric_version_library_is_classified_without_parent_false_positive) ... ok
test_standalone_provider_classifies_foreign_ownership (tests.test_windows_discovery.WindowsDiscoveryProviderTests.test_standalone_provider_classifies_foreign_ownership) ... ok
test_steam_provider_does_not_cross_a_junction (tests.test_windows_discovery.WindowsDiscoveryProviderTests.test_steam_provider_does_not_cross_a_junction) ... ok
test_steam_provider_preserves_long_unicode_paths (tests.test_windows_discovery.WindowsDiscoveryProviderTests.test_steam_provider_preserves_long_unicode_paths) ... ok
test_steam_vdf_discovery_is_stable_deduplicated_and_read_only (tests.test_windows_discovery.WindowsDiscoveryProviderTests.test_steam_vdf_discovery_is_stable_deduplicated_and_read_only) ... ok
test_artifact_owners_are_disjoint (tests.test_windows_instance_isolated_play_policy.WindowsInstanceIsolatedPlayPolicyTests.test_artifact_owners_are_disjoint) ... ok
test_bam_disclosure_is_exact (tests.test_windows_instance_isolated_play_policy.WindowsInstanceIsolatedPlayPolicyTests.test_bam_disclosure_is_exact) ... ok
test_canonical_digest_ignores_object_insertion_order (tests.test_windows_instance_isolated_play_policy.WindowsInstanceIsolatedPlayPolicyTests.test_canonical_digest_ignores_object_insertion_order) ... ok
test_external_effects_are_not_permit_resources (tests.test_windows_instance_isolated_play_policy.WindowsInstanceIsolatedPlayPolicyTests.test_external_effects_are_not_permit_resources) ... ok
test_hermetic_or_whole_host_overclaim_is_refused (tests.test_windows_instance_isolated_play_policy.WindowsInstanceIsolatedPlayPolicyTests.test_hermetic_or_whole_host_overclaim_is_refused) ... ok
test_instance_string_prefix_authority_is_refused (tests.test_windows_instance_isolated_play_policy.WindowsInstanceIsolatedPlayPolicyTests.test_instance_string_prefix_authority_is_refused) ... ok
test_missing_file_completion_is_a_required_negative_control (tests.test_windows_instance_isolated_play_policy.WindowsInstanceIsolatedPlayPolicyTests.test_missing_file_completion_is_a_required_negative_control) ... ok
test_nvidia_or_directinput_cannot_be_whitelisted (tests.test_windows_instance_isolated_play_policy.WindowsInstanceIsolatedPlayPolicyTests.test_nvidia_or_directinput_cannot_be_whitelisted) ... ok
test_observation_gap_cannot_be_waived (tests.test_windows_instance_isolated_play_policy.WindowsInstanceIsolatedPlayPolicyTests.test_observation_gap_cannot_be_waived) ... ok
test_policy_or_verdict_cannot_grant_authority (tests.test_windows_instance_isolated_play_policy.WindowsInstanceIsolatedPlayPolicyTests.test_policy_or_verdict_cannot_grant_authority) ... ok
test_protected_installation_write_cannot_be_disclosed (tests.test_windows_instance_isolated_play_policy.WindowsInstanceIsolatedPlayPolicyTests.test_protected_installation_write_cannot_be_disclosed) ... ok
test_reparse_and_ancestor_escape_cannot_be_enabled (tests.test_windows_instance_isolated_play_policy.WindowsInstanceIsolatedPlayPolicyTests.test_reparse_and_ancestor_escape_cannot_be_enabled) ... ok
test_repository_policy_is_valid_and_digest_bound (tests.test_windows_instance_isolated_play_policy.WindowsInstanceIsolatedPlayPolicyTests.test_repository_policy_is_valid_and_digest_bound) ... ok
test_retained_inventory_reconciles_exactly (tests.test_windows_instance_isolated_play_policy.WindowsInstanceIsolatedPlayPolicyTests.test_retained_inventory_reconciles_exactly) ... ok
test_unresolved_effect_cannot_pass (tests.test_windows_instance_isolated_play_policy.WindowsInstanceIsolatedPlayPolicyTests.test_unresolved_effect_cannot_pass) ... ok
test_doctor_verifies_pins_without_aligning_repositories (tests.test_workspace_config.WorkspaceConfigTests.test_doctor_verifies_pins_without_aligning_repositories) ... ok
test_workspace_root_resolves_universal_repos (tests.test_workspace_config.WorkspaceConfigTests.test_workspace_root_resolves_universal_repos) ... ok
test_workspace_contract_check (tests.test_workspace_contract.WorkspaceContractTests.test_workspace_contract_check) ... ok
test_cli_validate_is_read_only_and_rejects_secret_flags (tests.test_workspace_preferences.WorkspacePreferencesTests.test_cli_validate_is_read_only_and_rejects_secret_flags) ... ok
test_schema_is_non_secret_and_unknown_field_closed (tests.test_workspace_preferences.WorkspacePreferencesTests.test_schema_is_non_secret_and_unknown_field_closed) ... ok
test_cli_runtime_preserves_explicit_primary_and_compatibility_precedence (tests.test_workspace_resolver.WorkspaceResolverTests.test_cli_runtime_preserves_explicit_primary_and_compatibility_precedence) ... ok
test_every_frontend_uses_the_shared_resolution_law (tests.test_workspace_resolver.WorkspaceResolverTests.test_every_frontend_uses_the_shared_resolution_law) ... ok
test_future_workspace_refuses_before_creating_paths (tests.test_workspace_store.WorkspaceStoreTests.test_future_workspace_refuses_before_creating_paths) ... ok
test_migration_inspect_and_plan_are_read_only_and_apply_fails_closed (tests.test_workspace_store.WorkspaceStoreTests.test_migration_inspect_and_plan_are_read_only_and_apply_fails_closed) ... ok
test_new_workspace_gets_stable_random_uuid (tests.test_workspace_store.WorkspaceStoreTests.test_new_workspace_gets_stable_random_uuid) ... ok

----------------------------------------------------------------------
Ran 517 tests in 139.231s

OK (skipped=4)
